PROBE training creates=670341 touches=8391716 policy_queries=0 policy_misses=0
TIMER training touch calls=8391716 seconds=3.79509
TIMER training key_inclusive calls=7268329 seconds=26.2046
TIMER training bucket_nested calls=658586 seconds=24.6944
TIMER training terminal calls=6405088 seconds=12.6613
TIMER training legal_actions calls=7268329 seconds=2.41829
TIMER training apply_action calls=12575037 seconds=6.48811
TIMER training sample_deal calls=200000 seconds=0.0798114
TIMER training canonical_nested calls=1404822 seconds=1.35295
VISITS street=0 states=1620 touches=1123387 singleton=0 le2=0 ge10=1620
VISITS street=1 states=29669 touches=2041599 singleton=3724 le2=5766 ge10=17529
VISITS street=2 states=174195 touches=2642462 singleton=34658 le2=55382 ge10=60434
VISITS street=3 states=464857 touches=2584268 singleton=153540 le2=233138 ge10=68950
PROBE after_profile_eval creates=670341 touches=8391716 policy_queries=54168 policy_misses=16
TIMER after_profile_eval touch calls=8391716 seconds=3.79509
TIMER after_profile_eval key_inclusive calls=7282265 seconds=26.4448
TIMER after_profile_eval bucket_nested calls=664646 seconds=24.9189
TIMER after_profile_eval terminal calls=6425088 seconds=12.7033
TIMER after_profile_eval legal_actions calls=7282265 seconds=2.42854
TIMER after_profile_eval apply_action calls=12588973 seconds=6.49742
TIMER after_profile_eval sample_deal calls=220000 seconds=0.0855271
TIMER after_profile_eval canonical_nested calls=1421458 seconds=1.3681
PROBE all creates=755471 touches=8548864 policy_queries=377637 policy_misses=6186
TIMER all touch calls=8548864 seconds=3.85959
TIMER all key_inclusive calls=7667845 seconds=27.7226
TIMER all bucket_nested calls=697752 seconds=26.0935
TIMER all terminal calls=6776412 seconds=13.3518
TIMER all legal_actions calls=7667845 seconds=2.5478
TIMER all apply_action calls=13252817 seconds=6.8097
TIMER all sample_deal calls=250000 seconds=0.0945489
TIMER all canonical_nested calls=1498928 seconds=1.43892
