PROBE training creates=8996964 touches=10222908 policy_queries=0 policy_misses=0
TIMER training touch calls=10222908 seconds=6.63699
TIMER training key_inclusive calls=9089959 seconds=8.25702
TIMER training bucket_nested calls=0 seconds=0
TIMER training terminal calls=7439538 seconds=13.5944
TIMER training legal_actions calls=9089959 seconds=2.65097
TIMER training apply_action calls=15423322 seconds=7.20275
TIMER training sample_deal calls=200000 seconds=0.0693726
TIMER training canonical_nested calls=9089959 seconds=7.79224
VISITS street=0 states=1620 touches=1132949 singleton=0 le2=0 ge10=1620
VISITS street=1 states=2060728 touches=2154138 singleton=1973834 le2=2054751 ge10=0
VISITS street=2 states=3359123 touches=3360304 singleton=3357942 le2=3359123 ge10=0
VISITS street=3 states=3575493 touches=3575517 singleton=3575469 le2=3575493 ge10=0
PROBE after_profile_eval creates=8996964 touches=10222908 policy_queries=56464 policy_misses=12668
TIMER after_profile_eval touch calls=10222908 seconds=6.63699
TIMER after_profile_eval key_inclusive calls=9104748 seconds=8.27205
TIMER after_profile_eval bucket_nested calls=0 seconds=0
TIMER after_profile_eval terminal calls=7459538 seconds=13.6378
TIMER after_profile_eval legal_actions calls=9104748 seconds=2.65736
TIMER after_profile_eval apply_action calls=15438111 seconds=7.21187
TIMER after_profile_eval sample_deal calls=220000 seconds=0.0755193
TIMER after_profile_eval canonical_nested calls=9104748 seconds=7.80643
PROBE all creates=9170190 touches=10414287 policy_queries=458546 policy_misses=328216
TIMER all touch calls=10414287 seconds=6.72494
TIMER all key_inclusive calls=9599922 seconds=8.69487
TIMER all bucket_nested calls=0 seconds=0
TIMER all terminal calls=7873589 seconds=14.3534
TIMER all legal_actions calls=9599922 seconds=2.79279
TIMER all apply_action calls=16272785 seconds=7.57253
TIMER all sample_deal calls=250000 seconds=0.0840936
TIMER all canonical_nested calls=9599922 seconds=8.20553
